 Volume nextbot_nextbot-seed-output Creating 
 Volume nextbot_nextbot-redis-data Creating 
 Volume nextbot_nextbot-redis-data Creating 
 Volume nextbot_nextbot-neo4j-data Creating 
 Volume nextbot_nextbot-neo4j-data Creating 
 Volume nextbot_nextbot-postgres-data Creating 
 Volume nextbot_nextbot-clickhouse-data Creating 
 Volume nextbot_nextbot-clickhouse-data Creating 
 Volume nextbot_nextbot-seed-output Creating 
 Volume nextbot_nextbot-knowledge-uploads-data Creating 
 Volume nextbot_nextbot-knowledge-uploads-data Creating 
 Volume nextbot_nextbot-postgres-data Creating 
 Volume nextbot_nextbot-neo4j-logs Creating 
 Network nextbot_default Creating 
 Network nextbot_default Creating 
 Volume nextbot_nextbot-neo4j-logs Creating 
 Volume nextbot_nextbot-neo4j-data Created 
 Volume nextbot_nextbot-neo4j-data Created 
 Volume nextbot_nextbot-clickhouse-data Created 
 Volume nextbot_nextbot-clickhouse-data Created 
 Volume nextbot_nextbot-redis-data Created 
 Volume nextbot_nextbot-redis-data Created 
 Volume nextbot_nextbot-neo4j-logs Created 
 Volume nextbot_nextbot-neo4j-logs Created 
 Volume nextbot_nextbot-seed-output Created 
 Volume nextbot_nextbot-seed-output Created 
 Network nextbot_default Created 
 Network nextbot_default Created 
 Container nextbot-clickhouse-1 Creating 
 Container nextbot-neo4j-1 Creating 
 Container nextbot-redis-1 Creating 
 Container nextbot-widget-embed-1 Creating 
 Volume nextbot_nextbot-knowledge-uploads-data Created 
 Volume nextbot_nextbot-knowledge-uploads-data Created 
 Volume nextbot_nextbot-postgres-data Created 
 Volume nextbot_nextbot-postgres-data Created 
 Container nextbot-postgres-1 Creating 
 Container nextbot-neo4j-1 Created 
 Container nextbot-widget-embed-1 Created 
 Container nextbot-redis-1 Created 
 Container nextbot-clickhouse-1 Created 
 Container nextbot-postgres-1 Created 
 Container nextbot-migrate-1 Creating 
 Container nextbot-migrate-1 Created 
 Container nextbot-gateway-1 Creating 
 Container nextbot-web-1 Creating 
 Container nextbot-seed-1 Creating 
 Container nextbot-worker-1 Creating 
 Container nextbot-web-1 Created 
 Container nextbot-web-proxy-1 Creating 
 Container nextbot-worker-1 Created 
 Container nextbot-web-proxy-1 Created 
 Container nextbot-gateway-1 Created 
 Container nextbot-seed-1 Created 
 Container nextbot-neo4j-1 Starting 
 Container nextbot-clickhouse-1 Starting 
 Container nextbot-widget-embed-1 Starting 
 Container nextbot-redis-1 Starting 
 Container nextbot-postgres-1 Starting 
 Container nextbot-clickhouse-1 Started 
 Container nextbot-widget-embed-1 Started 
 Container nextbot-postgres-1 Started 
 Container nextbot-postgres-1 Waiting 
 Container nextbot-neo4j-1 Started 
 Container nextbot-redis-1 Started 
 Container nextbot-postgres-1 Healthy 
 Container nextbot-migrate-1 Starting 
 Container nextbot-migrate-1 Started 
 Container nextbot-neo4j-1 Waiting 
 Container nextbot-migrate-1 Waiting 
 Container nextbot-redis-1 Waiting 
 Container nextbot-redis-1 Waiting 
 Container nextbot-neo4j-1 Waiting 
 Container nextbot-migrate-1 Waiting 
 Container nextbot-redis-1 Waiting 
 Container nextbot-neo4j-1 Waiting 
 Container nextbot-migrate-1 Waiting 
 Container nextbot-migrate-1 Waiting 
 Container nextbot-redis-1 Healthy 
 Container nextbot-redis-1 Healthy 
 Container nextbot-redis-1 Healthy 
 Container nextbot-migrate-1 Exited 
 Container nextbot-seed-1 Starting 
 Container nextbot-migrate-1 Exited 
 Container nextbot-migrate-1 Exited 
 Container nextbot-migrate-1 Exited 
 Container nextbot-seed-1 Started 
 Container nextbot-neo4j-1 Healthy 
 Container nextbot-web-1 Starting 
 Container nextbot-neo4j-1 Healthy 
 Container nextbot-worker-1 Starting 
 Container nextbot-neo4j-1 Healthy 
 Container nextbot-gateway-1 Starting 
 Container nextbot-web-1 Started 
 Container nextbot-web-1 Waiting 
 Container nextbot-worker-1 Started 
 Container nextbot-gateway-1 Started 
 Container nextbot-web-1 Healthy 
 Container nextbot-web-proxy-1 Starting 
 Container nextbot-web-proxy-1 Started 
