 Image nextbot-seed Building 
 Image nextbot-widget-embed Building 
 Image nextbot-worker Building 
 Image nextbot-migrate Building 
 Image nextbot-gateway Building 
 Image nextbot-web Building 
#1 [internal] load local bake definitions
#1 reading from stdin 2.71kB done
#1 DONE 0.0s

#2 [migrate internal] load build definition from tools.Dockerfile
#2 transferring dockerfile: 1.60kB done
#2 DONE 0.1s

#3 [web internal] load build definition from Dockerfile
#3 transferring dockerfile: 3.28kB done
#3 DONE 0.1s

#4 [widget-embed internal] load build definition from Dockerfile
#4 transferring dockerfile: 1.68kB done
#4 DONE 0.1s

#5 [seed internal] load metadata for docker.io/library/node:22-slim
#5 ...

#6 [worker internal] load build definition from Dockerfile
#6 transferring dockerfile: 3.78kB done
#6 DONE 0.1s

#7 [gateway internal] load build definition from Dockerfile
#7 transferring dockerfile: 1.79kB done
#7 DONE 0.2s

#5 [gateway internal] load metadata for docker.io/library/node:22-slim
#5 ...

#8 [widget-embed internal] load metadata for docker.io/nginxinc/nginx-unprivileged:1.27-alpine
#8 DONE 11.9s

#5 [gateway internal] load metadata for docker.io/library/node:22-slim
#5 DONE 11.9s

#9 [worker internal] load .dockerignore
#9 transferring context: 307B done
#9 DONE 0.0s

#10 [gateway internal] load build context
#10 DONE 0.0s

#11 [worker base 1/2] FROM docker.io/library/node:22-slim@sha256:83f487e0a63425e5b4d146fb5e5be574bcbe1b7b843d3ebafdd95eaf7767a7e5
#11 resolve docker.io/library/node:22-slim@sha256:83f487e0a63425e5b4d146fb5e5be574bcbe1b7b843d3ebafdd95eaf7767a7e5 0.1s done
#11 resolve docker.io/library/node:22-slim@sha256:83f487e0a63425e5b4d146fb5e5be574bcbe1b7b843d3ebafdd95eaf7767a7e5 0.1s done
#11 DONE 0.1s

#12 [widget-embed runner 1/4] FROM docker.io/nginxinc/nginx-unprivileged:1.27-alpine@sha256:65e3e85dbaed8ba248841d9d58a899b6197106c23cb0ff1a132b7bfe0547e4c0
#12 resolve docker.io/nginxinc/nginx-unprivileged:1.27-alpine@sha256:65e3e85dbaed8ba248841d9d58a899b6197106c23cb0ff1a132b7bfe0547e4c0 0.1s done
#12 DONE 0.1s

#10 [seed internal] load build context
#10 transferring context: 500.73kB 0.8s done
#10 DONE 0.9s

#13 [worker pruner 4/4] RUN turbo prune --scope=nextbot-worker --docker
#13 CACHED

#14 [seed 4/6] COPY . .
#14 CACHED

#15 [worker installer 2/4] COPY --from=pruner /app/out/json/ .
#15 CACHED

#16 [worker installer 3/4] COPY --from=pruner /app/out/pnpm-lock.yaml ./pnpm-lock.yaml
#16 CACHED

#17 [web builder 2/4] COPY --from=pruner /app/out/full/ .
#17 CACHED

#18 [web installer 3/4] COPY --from=pruner /app/out/pnpm-lock.yaml ./pnpm-lock.yaml
#18 CACHED

#19 [web installer 4/4] RUN pnpm install --frozen-lockfile
#19 CACHED

#20 [web installer 2/4] COPY --from=pruner /app/out/json/ .
#20 CACHED

#21 [web pruner 4/4] RUN turbo prune --scope=nextbot-web --docker
#21 CACHED

#22 [web builder 1/4] WORKDIR /app
#22 CACHED

#23 [gateway builder 1/4] WORKDIR /app
#23 CACHED

#24 [gateway installer 3/4] COPY --from=pruner /app/out/pnpm-lock.yaml ./pnpm-lock.yaml
#24 CACHED

#25 [gateway builder 2/4] COPY --from=pruner /app/out/full/ .
#25 CACHED

#26 [gateway installer 4/4] RUN pnpm install --frozen-lockfile
#26 CACHED

#27 [gateway installer 2/4] COPY --from=pruner /app/out/json/ .
#27 CACHED

#28 [gateway pruner 4/4] RUN turbo prune --scope=nextbot-gateway --docker
#28 CACHED

#29 [gateway builder 3/4] COPY turbo.json tsconfig.base.json ./
#29 CACHED

#30 [widget-embed pruner 4/4] RUN turbo prune --scope=nextbot-widget-embed --docker
#30 CACHED

#31 [widget-embed builder 3/4] COPY turbo.json tsconfig.base.json ./
#31 CACHED

#32 [widget-embed installer 4/4] RUN pnpm install --frozen-lockfile
#32 CACHED

#33 [widget-embed installer 2/4] COPY --from=pruner /app/out/json/ .
#33 CACHED

#34 [gateway pruner 3/4] COPY . .
#34 CACHED

#35 [widget-embed runner 2/4] COPY apps/widget-embed/nginx.conf /etc/nginx/conf.d/default.conf
#35 CACHED

#36 [gateway base 2/2] RUN corepack enable && corepack prepare pnpm@9.15.0 --activate
#36 CACHED

#37 [widget-embed builder 4/4] RUN pnpm add -g turbo@2.1.3 && turbo run build --filter=nextbot-widget-embed
#37 CACHED

#38 [gateway pruner 2/4] RUN pnpm add -g turbo@2.1.3
#38 CACHED

#39 [gateway pruner 1/4] WORKDIR /app
#39 CACHED

#40 [widget-embed runner 3/4] COPY --from=builder /app/apps/widget-embed/dist-widget /usr/share/nginx/html/widget
#40 CACHED

#41 [widget-embed builder 1/4] WORKDIR /app
#41 CACHED

#42 [widget-embed builder 2/4] COPY --from=pruner /app/out/full/ .
#42 CACHED

#43 [widget-embed installer 3/4] COPY --from=pruner /app/out/pnpm-lock.yaml ./pnpm-lock.yaml
#43 CACHED

#44 [web builder 3/4] COPY turbo.json tsconfig.base.json ./
#44 CACHED

#45 [widget-embed runner 4/4] COPY --from=builder /app/apps/widget-embed/dist-loader /usr/share/nginx/html/loader
#45 CACHED

#46 [widget-embed] exporting to image
#46 exporting layers done
#46 exporting manifest sha256:c601c9b2893d87f170de4ef3823f116b00cc0afa09861c3111f3e60f62aeb857 0.0s done
#46 exporting config sha256:9b4778d98ab6cb895d926d5dd06d491e9991b5bb03c2ae257e63e48b6edb1790 0.0s done
#46 exporting attestation manifest sha256:005dcf0a78792b5d144158198c7b426c9f048125076dd33d4259a580e18c08e5
#46 exporting attestation manifest sha256:005dcf0a78792b5d144158198c7b426c9f048125076dd33d4259a580e18c08e5 0.1s done
#46 exporting manifest list sha256:e506019008194227dc5920b82aa67a23cd34d6074c9703ca51af721971b5c8d5
#46 exporting manifest list sha256:e506019008194227dc5920b82aa67a23cd34d6074c9703ca51af721971b5c8d5 0.0s done
#46 naming to docker.io/library/nextbot-widget-embed:latest done
#46 unpacking to docker.io/library/nextbot-widget-embed:latest 0.0s done
#46 DONE 0.4s

#47 [seed 5/6] RUN pnpm install --frozen-lockfile
#47 ...

#48 [widget-embed] resolving provenance for metadata file
#48 DONE 0.0s

#49 [web builder 4/4] RUN pnpm add -g turbo@2.1.3 && turbo run build --filter=nextbot-web
#49 1.392 Progress: resolved 1, reused 0, downloaded 0, added 0
#49 1.784 Packages: +2
#49 1.784 ++
#49 2.391 Progress: resolved 7, reused 0, downloaded 2, added 1
#49 2.420 Progress: resolved 7, reused 0, downloaded 2, added 2, done
#49 2.481 
#49 2.481 /pnpm/global/5:
#49 2.481 + turbo 2.1.3 (2.10.12 is available)
#49 2.481 
#49 2.496 Done in 1.4s
#49 2.559  WARNING  No locally installed `turbo` found. Using version: 2.1.3.
#49 2.562 
#49 2.562 Attention:
#49 2.562 Turborepo now collects completely anonymous telemetry regarding usage.
#49 2.562 This information is used to shape the Turborepo roadmap and prioritize features.
#49 2.562 You can learn more, including how to opt-out if you'd not like to participate in this anonymous program, by visiting the following URL:
#49 2.562 https://turbo.build/repo/docs/telemetry
#49 2.562 
#49 2.562 turbo 2.1.3
#49 2.562 
#49 2.638 • Packages in scope: nextbot-web
#49 2.638 • Running build in 1 packages
#49 2.638 • Remote caching disabled
#49 2.742 nextbot-web:build: cache miss, executing 7a2006a650296cd4
#49 2.972 nextbot-web:build: 
#49 2.972 nextbot-web:build: > nextbot-web@0.0.0 build /app/apps/web
#49 2.972 nextbot-web:build: > next build
#49 2.972 nextbot-web:build: 
#49 3.741 nextbot-web:build:    ▲ Next.js 15.5.23
#49 3.742 nextbot-web:build: 
#49 3.856 nextbot-web:build:    Creating an optimized production build ...
#49 ...

#50 [worker installer 4/4] RUN pnpm install --frozen-lockfile
#50 1.396 Scope: all 32 workspace projects
#50 1.466 Lockfile is up to date, resolution step is skipped
#50 1.519 Progress: resolved 1, reused 0, downloaded 0, added 0
#50 1.715 Packages: +891
#50 1.715 ++++++++++++++++++++++++++++++++++++++++++++++++++++++++++++++++++++++++++++++++
#50 2.225 
#50 2.225    ╭───────────────────────────────────────────────────────────────────╮
#50 2.225    │                                                                   │
#50 2.225    │                Update available! 9.15.0 → 11.25.0.                │
#50 2.225    │   Changelog: https://github.com/pnpm/pnpm/releases/tag/v11.25.0   │
#50 2.225    │         Run "corepack install -g pnpm@11.25.0" to update.         │
#50 2.225    │                                                                   │
#50 2.225    ╰───────────────────────────────────────────────────────────────────╯
#50 2.225 
#50 2.518 Progress: resolved 891, reused 0, downloaded 137, added 142
#50 3.527 Progress: resolved 891, reused 0, downloaded 373, added 380
#50 4.539 Progress: resolved 891, reused 0, downloaded 503, added 506
#50 5.541 Progress: resolved 891, reused 0, downloaded 617, added 629
#50 6.541 Progress: resolved 891, reused 0, downloaded 708, added 721
#50 7.544 Progress: resolved 891, reused 0, downloaded 797, added 812
#50 8.544 Progress: resolved 891, reused 0, downloaded 875, added 890
#50 8.679 Progress: resolved 891, reused 0, downloaded 876, added 891, done
#50 9.073 .../node_modules/protobufjs postinstall$ node scripts/postinstall
#50 9.107 .../node_modules/unrs-resolver postinstall$ node postinstall.js
#50 9.108 .../esbuild@0.21.5/node_modules/esbuild postinstall$ node install.js
#50 9.109 .../sqlite3@5.1.7/node_modules/sqlite3 install$ prebuild-install -r napi || node-gyp rebuild
#50 9.143 .../esbuild@0.28.2/node_modules/esbuild postinstall$ node install.js
#50 9.203 .../node_modules/protobufjs postinstall: Done
#50 9.210 .../node_modules/unrs-resolver postinstall: Done
#50 9.227 .../esbuild@0.21.5/node_modules/esbuild postinstall: Done
#50 9.273 .../esbuild@0.18.20/node_modules/esbuild postinstall$ node install.js
#50 9.314 .../esbuild@0.28.2/node_modules/esbuild postinstall: Done
#50 9.328 .../esbuild@0.19.12/node_modules/esbuild postinstall$ node install.js
#50 9.457 .../esbuild@0.19.12/node_modules/esbuild postinstall: Done
#50 9.479 .../esbuild@0.18.20/node_modules/esbuild postinstall: Done
#50 ...

#51 [gateway builder 4/4] RUN pnpm add -g turbo@2.1.3 && turbo run build --filter=nextbot-gateway
#51 1.414 Progress: resolved 1, reused 0, downloaded 0, added 0
#51 1.795 Packages: +2
#51 1.795 ++
#51 2.410 Progress: resolved 7, reused 0, downloaded 2, added 2, done
#51 2.451 
#51 2.451 /pnpm/global/5:
#51 2.451 + turbo 2.1.3 (2.10.12 is available)
#51 2.451 
#51 2.473 Done in 1.3s
#51 2.764  WARNING  No locally installed `turbo` found. Using version: 2.1.3.
#51 2.766 
#51 2.766 Attention:
#51 2.766 Turborepo now collects completely anonymous telemetry regarding usage.
#51 2.766 This information is used to shape the Turborepo roadmap and prioritize features.
#51 2.766 You can learn more, including how to opt-out if you'd not like to participate in this anonymous program, by visiting the following URL:
#51 2.766 https://turbo.build/repo/docs/telemetry
#51 2.766 
#51 2.766 turbo 2.1.3
#51 2.766 
#51 2.831 • Packages in scope: nextbot-gateway
#51 2.831 • Running build in 1 packages
#51 2.831 • Remote caching disabled
#51 2.906 nextbot-gateway:build: cache miss, executing b44c7778f7bcb9aa
#51 3.130 nextbot-gateway:build: 
#51 3.130 nextbot-gateway:build: > nextbot-gateway@0.0.0 build /app/apps/gateway
#51 3.130 nextbot-gateway:build: > next build
#51 3.130 nextbot-gateway:build: 
#51 4.040 nextbot-gateway:build:    ▲ Next.js 15.5.23
#51 4.040 nextbot-gateway:build: 
#51 4.063 nextbot-gateway:build:    Creating an optimized production build ...
#51 ...

#47 [seed 5/6] RUN pnpm install --frozen-lockfile
#47 1.396 Scope: all 42 workspace projects
#47 1.473 Lockfile is up to date, resolution step is skipped
#47 1.573 Progress: resolved 1, reused 0, downloaded 0, added 0
#47 1.949 Packages: +1108
#47 1.949 ++++++++++++++++++++++++++++++++++++++++++++++++++++++++++++++++++++++++++++++++
#47 2.426 
#47 2.426    ╭───────────────────────────────────────────────────────────────────╮
#47 2.426    │                                                                   │
#47 2.426    │                Update available! 9.15.0 → 11.25.0.                │
#47 2.426    │   Changelog: https://github.com/pnpm/pnpm/releases/tag/v11.25.0   │
#47 2.426    │         Run "corepack install -g pnpm@11.25.0" to update.         │
#47 2.426    │                                                                   │
#47 2.426    ╰───────────────────────────────────────────────────────────────────╯
#47 2.426 
#47 2.571 Progress: resolved 1108, reused 0, downloaded 96, added 99
#47 3.571 Progress: resolved 1108, reused 0, downloaded 361, added 368
#47 4.575 Progress: resolved 1108, reused 0, downloaded 480, added 488
#47 5.577 Progress: resolved 1108, reused 0, downloaded 554, added 561
#47 6.585 Progress: resolved 1108, reused 0, downloaded 672, added 678
#47 7.627 Progress: resolved 1108, reused 0, downloaded 779, added 788
#47 8.635 Progress: resolved 1108, reused 0, downloaded 880, added 892
#47 9.639 Progress: resolved 1108, reused 0, downloaded 983, added 999
#47 10.67 Progress: resolved 1108, reused 0, downloaded 1088, added 1104
#47 11.67 Progress: resolved 1108, reused 0, downloaded 1090, added 1107
#47 11.76 Progress: resolved 1108, reused 0, downloaded 1091, added 1108, done
#47 12.08 .../sharp@0.34.5/node_modules/sharp install$ node install/check.js || npm run build
#47 12.08 .../sqlite3@5.1.7/node_modules/sqlite3 install$ prebuild-install -r napi || node-gyp rebuild
#47 12.08 .../node_modules/unrs-resolver postinstall$ node postinstall.js
#47 12.13 .../esbuild@0.28.2/node_modules/esbuild postinstall$ node install.js
#47 12.19 .../esbuild@0.21.5/node_modules/esbuild postinstall$ node install.js
#47 12.19 .../node_modules/unrs-resolver postinstall: Done
#47 12.22 .../sharp@0.34.5/node_modules/sharp install: Done
#47 12.23 .../node_modules/protobufjs postinstall$ node scripts/postinstall
#47 12.23 .../esbuild@0.28.2/node_modules/esbuild postinstall: Done
#47 12.28 .../esbuild@0.21.5/node_modules/esbuild postinstall: Done
#47 12.30 .../esbuild@0.18.20/node_modules/esbuild postinstall$ node install.js
#47 12.33 .../node_modules/protobufjs postinstall: Done
#47 12.36 .../esbuild@0.19.12/node_modules/esbuild postinstall$ node install.js
#47 12.39 .../esbuild@0.18.20/node_modules/esbuild postinstall: Done
#47 12.42 .../esbuild@0.19.12/node_modules/esbuild postinstall: Done
#47 ...

#50 [worker installer 4/4] RUN pnpm install --frozen-lockfile
#50 14.73 .../sqlite3@5.1.7/node_modules/sqlite3 install: prebuild-install warn install Request timed out
#50 20.46 .../sqlite3@5.1.7/node_modules/sqlite3 install: gyp info it worked if it ends with ok
#50 20.46 .../sqlite3@5.1.7/node_modules/sqlite3 install: gyp info using node-gyp@8.4.1
#50 20.46 .../sqlite3@5.1.7/node_modules/sqlite3 install: gyp info using node@22.23.2 | linux | x64
#50 20.64 .../sqlite3@5.1.7/node_modules/sqlite3 install: (node:119) [DEP0060] DeprecationWarning: The `util._extend` API is deprecated. Please use Object.assign() instead.
#50 20.64 .../sqlite3@5.1.7/node_modules/sqlite3 install: (Use `node --trace-deprecation ...` to show where the warning was created)
#50 20.65 .../sqlite3@5.1.7/node_modules/sqlite3 install: gyp ERR! find Python 
#50 20.65 .../sqlite3@5.1.7/node_modules/sqlite3 install: gyp ERR! find Python Python is not set from command line or npm configuration
#50 20.65 .../sqlite3@5.1.7/node_modules/sqlite3 install: gyp ERR! find Python Python is not set from environment variable PYTHON
#50 20.65 .../sqlite3@5.1.7/node_modules/sqlite3 install: gyp ERR! find Python checking if "python3" can be used
#50 20.65 .../sqlite3@5.1.7/node_modules/sqlite3 install: gyp ERR! find Python - "python3" is not in PATH or produced an error
#50 20.65 .../sqlite3@5.1.7/node_modules/sqlite3 install: gyp ERR! find Python checking if "python" can be used
#50 20.65 .../sqlite3@5.1.7/node_modules/sqlite3 install: gyp ERR! find Python - "python" is not in PATH or produced an error
#50 20.65 .../sqlite3@5.1.7/node_modules/sqlite3 install: gyp ERR! find Python 
#50 20.65 .../sqlite3@5.1.7/node_modules/sqlite3 install: gyp ERR! find Python **********************************************************
#50 20.65 .../sqlite3@5.1.7/node_modules/sqlite3 install: gyp ERR! find Python You need to install the latest version of Python.
#50 20.65 .../sqlite3@5.1.7/node_modules/sqlite3 install: gyp ERR! find Python Node-gyp should be able to find and use Python. If not,
#50 20.65 .../sqlite3@5.1.7/node_modules/sqlite3 install: gyp ERR! find Python you can try one of the following options:
#50 20.65 .../sqlite3@5.1.7/node_modules/sqlite3 install: gyp ERR! find Python - Use the switch --python="/path/to/pythonexecutable"
#50 20.65 .../sqlite3@5.1.7/node_modules/sqlite3 install: gyp ERR! find Python   (accepted by both node-gyp and npm)
#50 20.65 .../sqlite3@5.1.7/node_modules/sqlite3 install: gyp ERR! find Python - Set the environment variable PYTHON
#50 20.65 .../sqlite3@5.1.7/node_modules/sqlite3 install: gyp ERR! find Python - Set the npm configuration variable python:
#50 20.65 .../sqlite3@5.1.7/node_modules/sqlite3 install: gyp ERR! find Python   npm config set python "/path/to/pythonexecutable"
#50 20.65 .../sqlite3@5.1.7/node_modules/sqlite3 install: gyp ERR! find Python For more information consult the documentation at:
#50 20.65 .../sqlite3@5.1.7/node_modules/sqlite3 install: gyp ERR! find Python https://github.com/nodejs/node-gyp#installation
#50 20.65 .../sqlite3@5.1.7/node_modules/sqlite3 install: gyp ERR! find Python **********************************************************
#50 20.65 .../sqlite3@5.1.7/node_modules/sqlite3 install: gyp ERR! find Python 
#50 20.65 .../sqlite3@5.1.7/node_modules/sqlite3 install: gyp ERR! configure error 
#50 20.65 .../sqlite3@5.1.7/node_modules/sqlite3 install: gyp ERR! stack Error: Could not find any Python installation to use
#50 20.65 .../sqlite3@5.1.7/node_modules/sqlite3 install: gyp ERR! stack     at PythonFinder.fail (/app/node_modules/.pnpm/node-gyp@8.4.1/node_modules/node-gyp/lib/find-python.js:330:47)
#50 20.65 .../sqlite3@5.1.7/node_modules/sqlite3 install: gyp ERR! stack     at PythonFinder.runChecks (/app/node_modules/.pnpm/node-gyp@8.4.1/node_modules/node-gyp/lib/find-python.js:159:21)
#50 20.65 .../sqlite3@5.1.7/node_modules/sqlite3 install: gyp ERR! stack     at PythonFinder.<anonymous> (/app/node_modules/.pnpm/node-gyp@8.4.1/node_modules/node-gyp/lib/find-python.js:202:16)
#50 20.65 .../sqlite3@5.1.7/node_modules/sqlite3 install: gyp ERR! stack     at PythonFinder.execFileCallback (/app/node_modules/.pnpm/node-gyp@8.4.1/node_modules/node-gyp/lib/find-python.js:294:16)
#50 20.65 .../sqlite3@5.1.7/node_modules/sqlite3 install: gyp ERR! stack     at exithandler (node:child_process:424:5)
#50 20.65 .../sqlite3@5.1.7/node_modules/sqlite3 install: gyp ERR! stack     at ChildProcess.errorhandler (node:child_process:436:5)
#50 20.65 .../sqlite3@5.1.7/node_modules/sqlite3 install: gyp ERR! stack     at ChildProcess.emit (node:events:519:28)
#50 20.65 .../sqlite3@5.1.7/node_modules/sqlite3 install: gyp ERR! stack     at ChildProcess._handle.onexit (node:internal/child_process:291:12)
#50 20.65 .../sqlite3@5.1.7/node_modules/sqlite3 install: gyp ERR! stack     at onErrorNT (node:internal/child_process:483:16)
#50 20.65 .../sqlite3@5.1.7/node_modules/sqlite3 install: gyp ERR! stack     at process.processTicksAndRejections (node:internal/process/task_queues:89:21)
#50 20.65 .../sqlite3@5.1.7/node_modules/sqlite3 install: gyp ERR! System Linux 5.15.167.4-microsoft-standard-WSL2
#50 20.65 .../sqlite3@5.1.7/node_modules/sqlite3 install: gyp ERR! command "/usr/local/bin/node" "/app/node_modules/.pnpm/node-gyp@8.4.1/node_modules/node-gyp/bin/node-gyp.js" "rebuild"
#50 20.65 .../sqlite3@5.1.7/node_modules/sqlite3 install: gyp ERR! cwd /app/node_modules/.pnpm/sqlite3@5.1.7/node_modules/sqlite3
#50 20.65 .../sqlite3@5.1.7/node_modules/sqlite3 install: gyp ERR! node -v v22.23.2
#50 20.65 .../sqlite3@5.1.7/node_modules/sqlite3 install: gyp ERR! node-gyp -v v8.4.1
#50 20.65 .../sqlite3@5.1.7/node_modules/sqlite3 install: gyp ERR! not ok 
#50 20.65 .../sqlite3@5.1.7/node_modules/sqlite3 install: Failed
#50 20.65  ELIFECYCLE  Command failed with exit code 1.
#50 ERROR: process "/bin/sh -c pnpm install --frozen-lockfile" did not complete successfully: exit code: 1

#47 [seed 5/6] RUN pnpm install --frozen-lockfile
#47 17.17 .../sqlite3@5.1.7/node_modules/sqlite3 install: prebuild-install warn install Request timed out
#47 CANCELED

#49 [web builder 4/4] RUN pnpm add -g turbo@2.1.3 && turbo run build --filter=nextbot-web
#49 ...

#51 [gateway builder 4/4] RUN pnpm add -g turbo@2.1.3 && turbo run build --filter=nextbot-gateway
#51 CANCELED

#49 [web builder 4/4] RUN pnpm add -g turbo@2.1.3 && turbo run build --filter=nextbot-web
#49 CANCELED

#47 [seed 5/6] RUN pnpm install --frozen-lockfile
#47 CANCELED
------
 > [worker installer 4/4] RUN pnpm install --frozen-lockfile:
20.65 .../sqlite3@5.1.7/node_modules/sqlite3 install: gyp ERR! stack     at onErrorNT (node:internal/child_process:483:16)
20.65 .../sqlite3@5.1.7/node_modules/sqlite3 install: gyp ERR! stack     at process.processTicksAndRejections (node:internal/process/task_queues:89:21)
20.65 .../sqlite3@5.1.7/node_modules/sqlite3 install: gyp ERR! System Linux 5.15.167.4-microsoft-standard-WSL2
20.65 .../sqlite3@5.1.7/node_modules/sqlite3 install: gyp ERR! command "/usr/local/bin/node" "/app/node_modules/.pnpm/node-gyp@8.4.1/node_modules/node-gyp/bin/node-gyp.js" "rebuild"
20.65 .../sqlite3@5.1.7/node_modules/sqlite3 install: gyp ERR! cwd /app/node_modules/.pnpm/sqlite3@5.1.7/node_modules/sqlite3
20.65 .../sqlite3@5.1.7/node_modules/sqlite3 install: gyp ERR! node -v v22.23.2
20.65 .../sqlite3@5.1.7/node_modules/sqlite3 install: gyp ERR! node-gyp -v v8.4.1
20.65 .../sqlite3@5.1.7/node_modules/sqlite3 install: gyp ERR! not ok 
20.65 .../sqlite3@5.1.7/node_modules/sqlite3 install: Failed
20.65  ELIFECYCLE  Command failed with exit code 1.
------
Dockerfile:29

--------------------

  27 |     # runtime here — unlike apps/web/apps/gateway's standalone-output images, which

  28 |     # strip dev toolchain entirely.

  29 | >>> RUN pnpm install --frozen-lockfile

  30 |     

  31 |     FROM installer AS runner

--------------------

target worker: failed to solve: process "/bin/sh -c pnpm install --frozen-lockfile" did not complete successfully: exit code: 1



View build details: docker-desktop://dashboard/build/default/default/szqz5gzv8j29933m7pbjn8gms

